============================= test session starts =============================
platform win32 -- Python 3.13.9, pytest-9.1.1, pluggy-1.6.0 -- D:\DAlpha-Pro-Ultimate\.venv\Scripts\python.exe
cachedir: .pytest_cache
rootdir: D:\DAlpha-Pro-Ultimate
configfile: pyproject.toml
plugins: asyncio-1.4.0
asyncio: mode=Mode.STRICT, debug=False, asyncio_default_fixture_loop_scope=None, asyncio_default_test_loop_scope=function
collecting ... collected 153 items

tests/core/context/test_core_context.py::test_context PASSED             [  0%]
tests/core/dependency_injection/test_container.py::test_singleton PASSED [  1%]
tests/core/dependency_injection/test_container.py::test_transient PASSED [  1%]
tests/core/event_bus/test_event_bus.py::test_publish PASSED              [  2%]
tests/core/event_bus/test_event_bus.py::test_multiple_handlers PASSED    [  3%]
tests/core/event_bus/test_event_bus.py::test_unsubscribe PASSED          [  3%]
tests/core/event_bus/test_event_bus.py::test_unknown_event PASSED        [  4%]
tests/core/event_bus/test_event_bus_types.py::test_handler_protocol_accepts_function PASSED [  5%]
tests/core/event_bus/test_event_bus_types.py::test_handler_receives_event PASSED [  5%]
tests/core/event_bus/test_handler.py::test_handler_executes_callback PASSED [  6%]
tests/core/event_bus/test_handler.py::test_handler_returns_value PASSED  [  7%]
tests/core/exceptions/test_exceptions.py::test_exception_inheritance PASSED [  7%]
tests/core/exceptions/test_exceptions.py::test_raise PASSED              [  8%]
tests/core/exceptions/test_exceptions.py::test_validation PASSED         [  9%]
tests/core/exceptions/test_exceptions.py::test_configuration PASSED      [  9%]
tests/core/kernel/test_core_kernel.py::test_kernel_initial_state PASSED  [ 10%]
tests/core/kernel/test_core_kernel.py::test_kernel_initialize PASSED     [ 11%]
tests/core/kernel/test_core_kernel.py::test_kernel_start PASSED          [ 11%]
tests/core/kernel/test_core_kernel.py::test_kernel_stop PASSED           [ 12%]
tests/core/kernel/test_core_kernel.py::test_kernel_shutdown PASSED       [ 13%]
tests/core/kernel/test_core_kernel.py::test_start_without_initialize PASSED [ 13%]
tests/core/kernel/test_core_kernel.py::test_stop_without_running PASSED  [ 14%]
tests/core/lifecycle/test_lifecycle.py::test_lifecycle PASSED            [ 15%]
tests/core/registry/test_core_registry.py::test_register PASSED          [ 15%]
tests/core/registry/test_core_registry.py::test_exists PASSED            [ 16%]
tests/core/registry/test_core_registry.py::test_unregister PASSED        [ 16%]
tests/core/registry/test_core_registry.py::test_duplicate_registration PASSED [ 17%]
tests/core/registry/test_core_registry.py::test_missing PASSED           [ 18%]
tests/core/registry/test_core_registry.py::test_clear PASSED             [ 18%]
tests/core/types/test_core_types.py::test_basic_types PASSED             [ 19%]
tests/domain/entities/test_aggregate_root.py::test_add_event PASSED      [ 20%]
tests/domain/entities/test_aggregate_root.py::test_events_are_cleared PASSED [ 20%]
tests/domain/entities/test_base_entity.py::test_entity_equality PASSED   [ 21%]
tests/domain/entities/test_base_entity.py::test_entity_hash PASSED       [ 22%]
tests/domain/events/test_domain_event.py::test_event_creation PASSED     [ 22%]
tests/domain/value_objects/test_domain_symbol.py::test_valid_symbol PASSED [ 23%]
tests/domain/value_objects/test_domain_symbol.py::test_strip_spaces PASSED [ 24%]
tests/domain/value_objects/test_domain_symbol.py::test_empty_symbol PASSED [ 24%]
tests/domain/value_objects/test_domain_symbol.py::test_invalid_symbol PASSED [ 25%]
tests/domain/value_objects/test_market.py::test_create_market PASSED     [ 26%]
tests/domain/value_objects/test_market.py::test_same_assets PASSED       [ 26%]
tests/domain/value_objects/test_market.py::test_empty_base PASSED        [ 27%]
tests/domain/value_objects/test_market.py::test_empty_quote PASSED       [ 28%]
tests/domain/value_objects/test_money.py::test_create PASSED             [ 28%]
tests/domain/value_objects/test_money.py::test_add PASSED                [ 29%]
tests/domain/value_objects/test_money.py::test_sub PASSED                [ 30%]
tests/domain/value_objects/test_money.py::test_currency_mismatch PASSED  [ 30%]
tests/domain/value_objects/test_order_type.py::test_market PASSED        [ 31%]
tests/domain/value_objects/test_order_type.py::test_limit PASSED         [ 32%]
tests/domain/value_objects/test_price.py::test_create PASSED             [ 32%]
tests/domain/value_objects/test_price.py::test_zero PASSED               [ 33%]
tests/domain/value_objects/test_price.py::test_negative PASSED           [ 33%]
tests/domain/value_objects/test_price.py::test_empty_currency PASSED     [ 34%]
tests/domain/value_objects/test_quantity.py::test_create PASSED          [ 35%]
tests/domain/value_objects/test_quantity.py::test_add PASSED             [ 35%]
tests/domain/value_objects/test_quantity.py::test_sub PASSED             [ 36%]
tests/domain/value_objects/test_quantity.py::test_zero PASSED            [ 37%]
tests/domain/value_objects/test_quantity.py::test_negative PASSED        [ 37%]
tests/domain/value_objects/test_side.py::test_buy PASSED                 [ 38%]
tests/domain/value_objects/test_side.py::test_sell PASSED                [ 39%]
tests/domain/value_objects/test_time_in_force.py::test_gtc PASSED        [ 39%]
tests/domain/value_objects/test_time_in_force.py::test_ioc PASSED        [ 40%]
tests/domain/value_objects/test_time_in_force.py::test_fok PASSED        [ 41%]
tests/domain/value_objects/test_time_in_force.py::test_gtx PASSED        [ 41%]
tests/shared/clock/test_clock.py::test_system_clock PASSED               [ 42%]
tests/shared/clock/test_clock.py::test_frozen_clock PASSED               [ 43%]
tests/shared/ids/test_ids.py::test_generate_order_id PASSED              [ 43%]
tests/shared/ids/test_ids.py::test_generate_trade_id PASSED              [ 44%]
tests/shared/ids/test_ids.py::test_unique PASSED                         [ 45%]
tests/shared/mapper/test_mapper.py::test_registry PASSED                 [ 45%]
tests/shared/result/test_shared_result.py::test_success PASSED           [ 46%]
tests/shared/result/test_shared_result.py::test_failure PASSED           [ 47%]
tests/shared/result/test_shared_result.py::test_invalid PASSED           [ 47%]
tests/shared/result/test_shared_result.py::test_failure_value PASSED     [ 48%]
tests/shared/result/test_shared_result.py::test_success_error PASSED     [ 49%]
tests/shared/serializer/test_serializer.py::test_dump PASSED             [ 49%]
tests/shared/serializer/test_serializer.py::test_load PASSED             [ 50%]
tests/shared/serializer/test_serializer.py::test_invalid_json PASSED     [ 50%]
tests/shared/validators/test_validators.py::test_empty_result PASSED     [ 51%]
tests/shared/validators/test_validators.py::test_add_error PASSED        [ 52%]
tests/shared/value_objects/test_value_objects.py::test_price PASSED      [ 52%]
tests/shared/value_objects/test_value_objects.py::test_quantity PASSED   [ 53%]
tests/shared/value_objects/test_value_objects.py::test_money PASSED      [ 54%]
tests/shared/value_objects/test_value_objects.py::test_percentage PASSED [ 54%]
tests/shared/value_objects/test_value_objects.py::test_symbol PASSED     [ 55%]
tests/test_asset_scorer.py::test_asset_score PASSED                      [ 56%]
tests/test_atr.py::test_atr PASSED                                       [ 56%]
tests/test_atr.py::test_volatility_score PASSED                          [ 57%]
tests/test_candle.py::test_create_candle PASSED                          [ 58%]
tests/test_candle_mapper.py::test_mapper PASSED                          [ 58%]
tests/test_candle_series.py::test_add_candle PASSED                      [ 59%]
tests/test_confidence_engine.py::test_confidence_normal PASSED           [ 60%]
tests/test_confidence_engine.py::test_confidence_maximum PASSED          [ 60%]
tests/test_confidence_engine.py::test_confidence_minimum PASSED          [ 61%]
tests/test_config.py::test_settings PASSED                               [ 62%]
tests/test_crypto_connector.py::test_crypto_connector PASSED             [ 62%]
tests/test_decision_engine.py::test_buy_decision PASSED                  [ 63%]
tests/test_decision_engine.py::test_hold_when_score_low PASSED           [ 64%]
tests/test_decision_engine.py::test_hold_when_risk_rejects PASSED        [ 64%]
tests/test_decision_engine.py::test_confidence_range PASSED              [ 65%]
tests/test_decision_models.py::test_decision_input_defaults PASSED       [ 66%]
tests/test_decision_models.py::test_decision_input_values PASSED         [ 66%]
tests/test_decision_models.py::test_decision_result_creation PASSED      [ 67%]
tests/test_ema.py::test_calculate_ema PASSED                             [ 67%]
tests/test_ema.py::test_price_above_ema PASSED                           [ 68%]
tests/test_event_bus.py::test_event_creation PASSED                      [ 69%]
tests/test_event_bus.py::test_event_payload PASSED                       [ 69%]
tests/test_event_bus.py::test_event_id_exists PASSED                     [ 70%]
tests/test_event_bus.py::test_timestamp_exists PASSED                    [ 71%]
tests/test_event_bus.py::test_handler_type PASSED                        [ 71%]
tests/test_event_bus.py::test_base_exception PASSED                      [ 72%]
tests/test_event_bus.py::test_subscription_exception PASSED              [ 73%]
tests/test_event_bus.py::test_dispatch_exception PASSED                  [ 73%]
tests/test_event_bus.py::test_duplicate_subscription PASSED              [ 74%]
tests/test_event_bus.py::test_handler_not_found PASSED                   [ 75%]
tests/test_event_bus.py::test_subscribe PASSED                           [ 75%]
tests/test_event_bus.py::test_duplicate_subscribe PASSED                 [ 76%]
tests/test_event_bus.py::test_unsubscribe PASSED                         [ 77%]
tests/test_event_bus.py::test_handlers_for PASSED                        [ 77%]
tests/test_event_bus.py::test_clear PASSED                               [ 78%]
tests/test_macd.py::test_macd PASSED                                     [ 79%]
tests/test_macd.py::test_signal PASSED                                   [ 79%]
tests/test_macd.py::test_score PASSED                                    [ 80%]
tests/test_market_analyzer.py::test_spread PASSED                        [ 81%]
tests/test_market_analyzer.py::test_spread_percent PASSED                [ 81%]
tests/test_market_analyzer.py::test_liquidity PASSED                     [ 82%]
tests/test_market_regime.py::test_market_regime_detector PASSED          [ 83%]
tests/test_rsi.py::test_rsi PASSED                                       [ 83%]
tests/test_rsi.py::test_is_overbought PASSED                             [ 84%]
tests/test_rsi.py::test_is_oversold PASSED                               [ 84%]
tests/test_rsi_analyzer.py::test_rsi_score PASSED                        [ 85%]
tests/test_scoring_engine.py::test_scoring_engine PASSED                 [ 86%]
tests/test_signal_fusion.py::test_signal_fusion PASSED                   [ 86%]
tests/test_signal_fusion.py::test_average PASSED                         [ 87%]
tests/test_signal_fusion.py::test_average_empty PASSED                   [ 88%]
tests/test_strategy_selector.py::test_strategy_selector PASSED           [ 88%]
tests/test_support_resistance.py::test_calculate PASSED                  [ 89%]
tests/test_support_resistance.py::test_near_support PASSED               [ 90%]
tests/test_support_resistance.py::test_near_resistance PASSED            [ 90%]
tests/test_swing.py::test_swing_highs PASSED                             [ 91%]
tests/test_swing.py::test_swing_lows PASSED                              [ 92%]
tests/test_technical_score_analyzer.py::test_score PASSED                [ 92%]
tests/test_trade_validator.py::test_trade_validator_accept PASSED        [ 93%]
tests/test_trade_validator.py::test_trade_validator_reject PASSED        [ 94%]
tests/test_trend_analyzer.py::test_is_bullish PASSED                     [ 94%]
tests/test_trend_analyzer.py::test_trend_score PASSED                    [ 95%]
tests/test_trend_discovery.py::test_add_market_candidate PASSED          [ 96%]
tests/test_trend_discovery.py::test_filter_by_volume PASSED              [ 96%]
tests/test_volume_analyzer.py::test_high_volume PASSED                   [ 97%]
tests/test_volume_analyzer.py::test_volume_score PASSED                  [ 98%]
tests/test_weight_manager.py::test_default_weights PASSED                [ 98%]
tests/test_weight_manager.py::test_weighted_average PASSED               [ 99%]
tests/test_weight_manager.py::test_empty_scores PASSED                   [100%]

============================ 153 passed in 24.84s =============================
